✔ [2/142] Built ConLeche.Kernel.Name (915ms)
✔ [3/142] Built ConLeche.Frontend.Scan.Types (1.2s)
✔ [4/142] Built ConLeche.Kernel.PropWhen (608ms)
✔ [5/142] Built ConLeche.Kernel.Name:c.o (2.4s)
✔ [6/142] Built ConLeche.Kernel.PropWhen:c.o (1.0s)
✔ [7/142] Built ConLeche.Frontend.Scan.Types:c.o (2.4s)
✔ [8/142] Built ConLeche.Kernel.Expr (839ms)
✔ [9/142] Built ConLeche.Cached.ExprNodes (213ms)
✔ [10/142] Built ConLeche.Kernel.NatOpPinSet (208ms)
✔ [11/142] Built ConLeche.Kernel.Expr:c.o (435ms)
✔ [12/142] Built ConLeche.Kernel.Env (751ms)
✔ [13/142] Built ConLeche.Cached.ExprNodes:c.o (46ms)
✔ [14/142] Built ConLeche.Kernel.NatOpPinSet:c.o (46ms)
✔ [15/142] Built ConLeche.Kernel.Env:c.o (634ms)
✔ [16/142] Built ConLeche.Frontend.ExportWrite (392ms)
✔ [17/142] Built ConLeche.Kernel.Level (2.5s)
✔ [18/142] Built ConLeche.Frontend.Scan.Fast (5.7s)
✔ [19/142] Built ConLeche.PinGen.Dump (2.3s)
✔ [20/142] Built ConLeche.Kernel.Basis.Names (227ms)
✔ [21/142] Built ConLeche.Kernel.Canon (954ms)
✔ [22/142] Built ConLeche.Frontend.ExportWrite:c.o (399ms)
✔ [23/142] Built ConLeche.Frontend.InModelDump (224ms)
✔ [24/142] Built ConLeche.Kernel.Level:c.o (524ms)
✔ [25/142] Built ConLeche.Kernel.Basis.Names:c.o (66ms)
✔ [26/142] Built ConLeche.PinGen.Dump:c.o (987ms)
✔ [27/142] Built ConLeche.Kernel.Canon:c.o (575ms)
✔ [28/142] Built ConLeche.Frontend.Scan.Naive (1.7s)
✔ [29/142] Built ConLeche.Frontend.InModelDump:c.o (201ms)
✔ [30/142] Built ConLeche.Kernel.Basis.Builder (246ms)
✔ [31/142] Built ConLeche.Kernel.Basis.Builder:c.o (54ms)
✔ [32/142] Built ConLeche.Frontend.Scan.Fast:c.o (3.4s)
✔ [33/142] Built ConLeche.Frontend.Scan.Equiv.Kit (364ms)
✔ [34/142] Built ConLeche.Kernel.TrustPins (194ms)
✔ [35/142] Built ConLeche.Kernel.Basis.Quot (204ms)
✔ [36/142] Built ConLeche.Kernel.ExprOps (2.9s)
✔ [37/142] Built ConLeche.Kernel.Basis.False (175ms)
✔ [38/142] Built ConLeche.Frontend.Scan.Naive:c.o (1.7s)
✔ [39/142] Built ConLeche.Kernel.Basis.PUnit (197ms)
✔ [40/142] Built ConLeche.Kernel.Basis.Empty (190ms)
✔ [41/142] Built ConLeche.Kernel.Basis.Nat (198ms)
✔ [42/142] Built ConLeche.Frontend.Scan.Equiv.Kit:c.o (117ms)
✔ [43/142] Built ConLeche.Kernel.TrustPins:c.o (51ms)
✔ [44/142] Built ConLeche.Kernel.Basis.Eq (226ms)
✔ [45/142] Built ConLeche.Kernel.Basis.Empty:c.o (52ms)
✔ [46/142] Built ConLeche.Kernel.Basis.False:c.o (54ms)
✔ [47/142] Built ConLeche.Kernel.Basis.Quot:c.o (98ms)
✔ [48/142] Built ConLeche.Kernel.Basis.Nat:c.o (68ms)
✔ [49/142] Built ConLeche.Kernel.Basis.PUnit:c.o (59ms)
✔ [50/142] Built ConLeche.Kernel.Basis.Eq:c.o (68ms)
✔ [51/142] Built ConLeche.Kernel.PropRead (216ms)
✔ [52/142] Built ConLeche.Kernel.Basis (175ms)
✔ [53/142] Built ConLeche.Kernel.PropRead:c.o (90ms)
✔ [54/142] Built ConLeche.Kernel.Basis:c.o (65ms)
✔ [55/142] Built ConLeche.Frontend.Scan.Equiv.Scalars (867ms)
✔ [56/142] Built ConLeche.Frontend.Scan.Equiv.Scalars:c.o (82ms)
✔ [57/142] Built ConLeche.Kernel.ExprOps:c.o (1.5s)
✔ [58/142] Built ConLeche.Kernel.Core (1.1s)
✔ [59/142] Built ConLeche.Cached.ExprOpsC (993ms)
✔ [60/142] Built ConLeche.Kernel.FEnv (266ms)
✔ [61/142] Built ConLeche.Kernel.TypeChecker (585ms)
✔ [62/142] Built ConLeche.Frontend.NatOpGround (341ms)
✔ [63/142] Built ConLeche.Kernel.Core:c.o (2.2s)
✔ [64/142] Built ConLeche.Frontend.Export (222ms)
✔ [65/142] Built ConLeche.Cached.ExprOpsC:c.o (819ms)
✔ [66/142] Built ConLeche.Kernel.Inductives.StructParts (1.1s)
✔ [67/142] Built ConLeche.Kernel.FEnv:c.o (151ms)
✔ [68/142] Built ConLeche.Frontend.Export:c.o (54ms)
✔ [69/142] Built ConLeche.Frontend.NatOpGround:c.o (314ms)
✔ [70/142] Built ConLeche.Frontend.Scan.Equiv.Keys (5.3s)
✔ [71/142] Built ConLeche.Kernel.Inductives.StructParts:c.o (788ms)
✔ [72/142] Built ConLeche.Cached.StateC (501ms)
✔ [73/142] Built ConLeche.Frontend.Prepare (230ms)
✔ [74/142] Built ConLeche.Kernel.BasisGen (833ms)
✔ [75/142] Built ConLeche.Kernel.Inductives.SumParts (252ms)
✔ [76/142] Built ConLeche.Frontend.InModel.Kit (415ms)
✔ [77/142] Built ConLeche.Frontend.Scan.Equiv.Keys:c.o (291ms)
✔ [78/142] Built ConLeche.Frontend.Prepare:c.o (78ms)
✔ [79/142] Built ConLeche.Kernel.BasisGen:c.o (392ms)
✔ [80/142] Built ConLeche.Kernel.Inductives.SumParts:c.o (139ms)
✔ [81/142] Built ConLeche.Cached.StateC:c.o (671ms)
✔ [82/142] Built ConLeche.Kernel.NatOpPins (12s)
✔ [83/142] Built ConLeche.Kernel.TypeChecker:c.o (3.5s)
✔ [84/142] Built ConLeche.Frontend.InModel.Kit:c.o (520ms)
✔ [85/142] Built ConLeche.Kernel.Inductives.NativeParts (443ms)
✔ [86/142] Built ConLeche.Kernel.BasisA (610ms)
✔ [87/142] Built ConLeche.Cached.CoreC (1.3s)
✔ [88/142] Built ConLeche.Kernel.Inductives.NativeParts:c.o (609ms)
✔ [89/142] Built ConLeche.Kernel.BasisA:c.o (178ms)
✔ [90/142] Built ConLeche.Frontend.ProjRec (395ms)
✔ [91/142] Built ConLeche.Kernel.StdAxioms (1.1s)
✔ [92/142] Built ConLeche.Frontend.ProjRec:c.o (440ms)
✔ [93/142] Built ConLeche.Kernel.StdAxioms:c.o (392ms)
✔ [94/142] Built ConLeche.Cached.CoreC:c.o (2.5s)
✔ [95/142] Built ConLeche.Frontend.InModel.Mutual (939ms)
✔ [96/142] Built ConLeche.Kernel.TrustAxioms (672ms)
✔ [97/142] Built ConLeche.Kernel.CheckerBase (734ms)
✔ [98/142] Built ConLeche.Kernel.TrustAxioms:c.o (118ms)
✔ [99/142] Built ConLeche.Kernel.CheckerBase:c.o (316ms)
✔ [100/142] Built ConLeche.Frontend.InModel.Mutual:c.o (1.4s)
✔ [101/142] Built ConLeche.Kernel.Inductives.Modeled (932ms)
✔ [102/142] Built ConLeche.Frontend.InModel.Nested (2.5s)
✔ [103/142] Built ConLeche.Kernel.Inductives.Modeled:c.o (1.1s)
✔ [104/142] Built ConLeche.Kernel.Inductives.StructInstall (546ms)
✔ [105/142] Built ConLeche.Kernel.Inductives.StructInstall:c.o (94ms)
✔ [106/142] Built ConLeche.Frontend.InModel (200ms)
✔ [107/142] Built ConLeche.Frontend.Scan.Equiv.Objects (9.6s)
✔ [108/142] Built ConLeche.Frontend.InModel:c.o (55ms)
✔ [109/142] Built ConLeche.Kernel.Inductives.SumInstall (719ms)
✔ [110/142] Built ConLeche.Kernel.Inductives.SumInstall:c.o (313ms)
✔ [111/142] Built ConLeche.Frontend.Scan.Equiv.Objects:c.o (1.8s)
✔ [112/142] Built ConLeche.Kernel.Inductives.NativeInstall (971ms)
✔ [113/142] Built ConLeche.Kernel.Inductives.NativeInstall:c.o (604ms)
✔ [114/142] Built ConLeche.Frontend.InModel.Nested:c.o (4.7s)
✔ [115/142] Built ConLeche.Kernel.NatOpPins:c.o (12s)
✔ [116/142] Built ConLeche.Kernel.Checker (802ms)
✔ [117/142] Built ConLeche.Kernel.Checker:c.o (387ms)
✔ [118/142] Built ConLeche.Kernel.CheckerSplit (676ms)
✔ [119/142] Built ConLeche.Kernel.CheckerSplit:c.o (143ms)
✔ [120/142] Built ConLeche.Kernel.DeclCheck (1.3s)
✔ [121/142] Built ConLeche.Kernel.Inductives.StructInstallF (533ms)
✔ [122/142] Built ConLeche.Kernel.Inductives.StructInstallF:c.o (114ms)
✔ [123/142] Built ConLeche.Kernel.Inductives.SumInstallF (573ms)
✔ [124/142] Built ConLeche.Kernel.Inductives.SumInstallF:c.o (265ms)
✔ [125/142] Built ConLeche.Kernel.DeclCheck:c.o (1.5s)
✔ [126/142] Built ConLeche.Kernel.Inductives.NativeInstallF (548ms)
✔ [127/142] Built ConLeche.Kernel.Inductives.NativeInstallF:c.o (339ms)
✔ [128/142] Built ConLeche.Cached.CheckerC (887ms)
✔ [129/142] Built ConLeche.Cached.ParsedC (767ms)
✔ [130/142] Built ConLeche.Cached.ParsedC:c.o (510ms)
✔ [131/142] Built ConLeche.Cached.Installed (947ms)
✔ [132/142] Built ConLeche.Cached.Installed:c.o (315ms)
✔ [133/142] Built ConLeche.Cached.CheckerC:c.o (2.1s)
✔ [134/142] Built ConLeche.Frontend.Scan.Equiv (15s)
✔ [135/142] Built ConLeche.Frontend.ExportC (840ms)
✔ [136/142] Built ConLeche.Frontend.Prelude (225ms)
✔ [137/142] Built ConLeche.Frontend.Prelude:c.o (49ms)
✔ [138/142] Built ConLeche.Frontend.ExportC:c.o (1.1s)
✔ [139/142] Built Main (1.0s)
✔ [140/142] Built Main:c.o (478ms)
✔ [141/142] Built ConLeche.Frontend.Scan.Equiv:c.o (3.0s)
✔ [142/142] Built «con-leche»:exe (1.3s)
Build completed successfully (142 jobs).
